// Vitest Snapshot v1

exports[`Test custom reduce function 1`] = `30`;
