// Vitest Snapshot v1

exports[`Test composition function 1`] = `2`;
